Testing functional/08_const_array_defn.sy...Testing functional/42_empty_stmt.sy...Testing functional/52_scope.sy...Testing functional/20_rem.sy...Testing functional/90_many_locals.sy...Testing functional/75_max_flow.sy...Testing functional/59_sort_test5.sy...Testing functional/04_arr_defn3.sy...Testing functional/60_sort_test6.sy...Testing functional/46_hex_defn.sy...Testing functional/12_addc.sy...Testing functional/96_matrix_add.sy...Testing functional/76_n_queens.sy...Testing functional/27_while_test2.sy...Testing functional/18_divc.sy...Testing functional/03_arr_defn2.sy...Testing functional/45_comment1.sy...Testing functional/23_if_test4.sy...Testing functional/36_op_priority2.sy...Testing functional/80_chaos_token.sy...Testing functional/94_nested_loops.sy...Testing functional/74_kmp.sy...Testing functional/05_arr_defn4.sy...Testing functional/92_register_alloc.sy...Testing functional/07_const_var_defn3.sy...Testing functional/87_many_params.sy...Testing functional/15_mul.sy...Testing functional/19_mod.sy...Testing functional/71_full_conn.sy...Testing functional/89_many_globals.sy...Testing functional/58_sort_test4.sy...Testing functional/86_long_code2.sy...Testing functional/11_add2.sy...Testing functional/84_long_array2.sy...multiprocessing.pool.RemoteTraceback: 
"""
Traceback (most recent call last):
  File "/opt/homebrew/Cellar/python@3.14/3.14.5/Frameworks/Python.framework/Versions/3.14/lib/python3.14/multiprocessing/pool.py", line 125, in worker
    result = (True, func(*args, **kwds))
                    ~~~~^^^^^^^^^^^^^^^
  File "/opt/homebrew/Cellar/python@3.14/3.14.5/Frameworks/Python.framework/Versions/3.14/lib/python3.14/multiprocessing/pool.py", line 51, in starmapstar
    return list(itertools.starmap(args[0], args[1]))
  File "/Users/byzantium/github/sisyphus/test.py", line 330, in run_test_case
    proc.run(
    ~~~~~~~~^
      [gcc, "-static", str(asm_path), "runtime/sylib.c", "-o", str(exe_path)],
      ^^^^^^^^^^^^^^^^^^^^^^^^^^^^^^^^^^^^^^^^^^^^^^^^^^^^^^^^^^^^^^^^^^^^^^^^
    ...<2 lines>...
      stderr=proc.STDOUT
      ^^^^^^^^^^^^^^^^^^
    )
    ^
  File "/opt/homebrew/Cellar/python@3.14/3.14.5/Frameworks/Python.framework/Versions/3.14/lib/python3.14/subprocess.py", line 555, in run
    with Popen(*popenargs, **kwargs) as process:
         ~~~~~^^^^^^^^^^^^^^^^^^^^^^
  File "/opt/homebrew/Cellar/python@3.14/3.14.5/Frameworks/Python.framework/Versions/3.14/lib/python3.14/subprocess.py", line 1039, in __init__
    self._execute_child(args, executable, preexec_fn, close_fds,
    ~~~~~~~~~~~~~~~~~~~^^^^^^^^^^^^^^^^^^^^^^^^^^^^^^^^^^^^^^^^^
                        pass_fds, cwd, env,
                        ^^^^^^^^^^^^^^^^^^^
    ...<5 lines>...
                        gid, gids, uid, umask,
                        ^^^^^^^^^^^^^^^^^^^^^^
                        start_new_session, process_group)
                        ^^^^^^^^^^^^^^^^^^^^^^^^^^^^^^^^^
  File "/opt/homebrew/Cellar/python@3.14/3.14.5/Frameworks/Python.framework/Versions/3.14/lib/python3.14/subprocess.py", line 1990, in _execute_child
    raise child_exception_type(errno_num, err_msg, err_filename)
FileNotFoundError: [Errno 2] No such file or directory: 'riscv64-linux-gnu-gcc'
"""

The above exception was the direct cause of the following exception:

Traceback (most recent call last):
  File "/Users/byzantium/github/sisyphus/test.py", line 470, in <module>
    test_all()
    ~~~~~~~~^^
  File "/Users/byzantium/github/sisyphus/test.py", line 400, in test_all
    results = pool.starmap(run_test_case, test_cases)
  File "/opt/homebrew/Cellar/python@3.14/3.14.5/Frameworks/Python.framework/Versions/3.14/lib/python3.14/multiprocessing/pool.py", line 375, in starmap
    return self._map_async(func, iterable, starmapstar, chunksize).get()
           ~~~~~~~~~~~~~~~~~~~~~~~~~~~~~~~~~~~~~~~~~~~~~~~~~~~~~~~~~~~^^
  File "/opt/homebrew/Cellar/python@3.14/3.14.5/Frameworks/Python.framework/Versions/3.14/lib/python3.14/multiprocessing/pool.py", line 774, in get
    raise self._value
FileNotFoundError: [Errno 2] No such file or directory: 'riscv64-linux-gnu-gcc'
